// Jest Snapshot v1, https://goo.gl/fbAQLP

exports[`Correct fish name appears 1`] = `
<div
  className="fish"
>
  <img
    alt="fishPic"
    src="/images/fish/Gobies.png"
  />
  <div
    className="name"
  >
    Gobies
  </div>
</div>
`;
